{
    "attributes": {
        "attribute_1": "__str__value_1"
    }
}