{
    "user": {
        "creation": {
            "success": "Some success message.",
            "error": "Some error message."
        }
    },
    "organization": [],
    "billing": null
}