{
    "users": {
        "profile": "[FR] Profile",
        "billing": "[FR] Billing",
        "password": "[FR] Password",
        "logout": "[FR] Log out"
    }
}