{
    "failed_bis": "[FR] These credentials do not match our records.",
    "password": "[FR][Modified] - The provided password is incorrect."
}