{
    "failed_bis_from_vendor": "These credentials do not match our records."
}