{
    "Contact": "contact@example.com",
    "Help": "help@example.com",
    "Sales": "sales@example.com"
}