{
    "users": {
        "profile": "Profile",
        "billing": "Billing",
        "password": "Password",
        "logout": "Log out"
    }
}