{
    "failed": "These credentials do not match our records.",
    "password": "[Modified] - The provided password is incorrect.",
    "throttle": "Too many login attempts. Please try again in :seconds seconds.",
    "failed_bis": "These credentials do not match our records."
}