{
    "users": {
        "password": "[Vendor][FR] - Password",
        "password_bis": "[Vendor][FR] - Password_bis"
    }
}