{
    "users": {
        "password": "[Vendor] - Password",
        "password_bis": "[Vendor] - Password_bis"
    }
}